// Jest Snapshot v1, https://goo.gl/fbAQLP

exports[`renders without crashing 1`] = `
<div>
  <img
    alt="Loading"
    class="sc-AykKC cqLuft"
    logo="test.png"
    src="loading.svg"
    title="Loading"
  />
</div>
`;
