// Jest Snapshot v1, https://goo.gl/fbAQLP

exports[`renders without crashing 1`] = `
<div>
  <h1
    id="hello-world"
  >
    Hello world!
  </h1>
</div>
`;
