// Jest Snapshot v1, https://goo.gl/fbAQLP

exports[`renders without crashing 1`] = `
<div>
  <div
    class="sc-jWBwVP eMzqrb"
  >
    <div
      class="ant-card sc-brqgnP jqshtE ant-card-bordered"
    >
      <div
        class="ant-card-body"
      >
        <div
          class="sc-cMljjf bqDeCs"
        >
          <img
            alt="React Native upgrade helper logo"
            class="sc-jAaTju iQnFlP"
            src="logo.svg"
            title="React Native upgrade helper logo"
          />
          <a
            href="https://react-native-community.github.io/upgrade-helper"
          >
            <h1
              class="sc-jDwBTQ kdxkQr"
            >
              React Native upgrade guide
            </h1>
          </a>
          <div
            class="sc-gPEVay iMFRcs"
          >
            <div>
              ReactGitHubBtn - 
              Star
            </div>
          </div>
          <a
            href="https://osawards.com/reactnative"
            rel="noopener noreferrer"
            target="_blank"
          >
            <img
              alt="Vote for upgrade-helper on React Native Open Source Awards!"
              src="https://img.shields.io/badge/Open%20Source%20Awards-Vote-blue?logo=react&style=badge"
              style="margin-left: 15px; margin-top: 5px;"
              title="Vote for upgrade-helper on React Native Open Source Awards!"
            />
          </a>
        </div>
        <div
          class="sc-htpNat hqmgw"
        >
          <div
            class="sc-bdVaJa UoSJW"
          >
            <h4>
              What's your current React Native version?
            </h4>
            <div
              class="ant-select-lg sc-bxivhb iYdHlP sc-bwzfXH jwfMIB ant-select ant-select-enabled ant-select-loading"
            >
              <div
                aria-autocomplete="list"
                aria-controls="test-uuid"
                aria-expanded="false"
                aria-haspopup="true"
                class="ant-select-selection
            ant-select-selection--single"
                role="combobox"
                tabindex="0"
              >
                <div
                  class="ant-select-selection__rendered"
                >
                  <div
                    class="ant-select-selection-selected-value"
                    style="display: block; opacity: 1;"
                    title=""
                  />
                </div>
                <span
                  class="ant-select-arrow"
                  style="user-select: none;"
                  unselectable="on"
                >
                  <i
                    aria-label="icon: loading"
                    class="anticon anticon-loading"
                  >
                    <svg
                      aria-hidden="true"
                      class="anticon-spin"
                      data-icon="loading"
                      fill="currentColor"
                      focusable="false"
                      height="1em"
                      viewBox="0 0 1024 1024"
                      width="1em"
                    >
                      <path
                        d="M988 548c-19.9 0-36-16.1-36-36 0-59.4-11.6-117-34.6-171.3a440.45 440.45 0 0 0-94.3-139.9 437.71 437.71 0 0 0-139.9-94.3C629 83.6 571.4 72 512 72c-19.9 0-36-16.1-36-36s16.1-36 36-36c69.1 0 136.2 13.5 199.3 40.3C772.3 66 827 103 874 150c47 47 83.9 101.8 109.7 162.7 26.7 63.1 40.2 130.2 40.2 199.3.1 19.9-16 36-35.9 36z"
                      />
                    </svg>
                  </i>
                </span>
              </div>
            </div>
          </div>
          <div
            class="sc-bdVaJa UoSJW"
          >
            <h4>
              To which version would you like to upgrade?
            </h4>
            <div
              class="ant-select-lg sc-ifAKCX dTveGH sc-bwzfXH jwfMIB ant-select ant-select-enabled ant-select-loading"
            >
              <div
                aria-autocomplete="list"
                aria-controls="test-uuid"
                aria-expanded="false"
                aria-haspopup="true"
                class="ant-select-selection
            ant-select-selection--single"
                role="combobox"
                tabindex="0"
              >
                <div
                  class="ant-select-selection__rendered"
                >
                  <div
                    class="ant-select-selection-selected-value"
                    style="display: block; opacity: 1;"
                    title=""
                  />
                </div>
                <span
                  class="ant-select-arrow"
                  style="user-select: none;"
                  unselectable="on"
                >
                  <i
                    aria-label="icon: loading"
                    class="anticon anticon-loading"
                  >
                    <svg
                      aria-hidden="true"
                      class="anticon-spin"
                      data-icon="loading"
                      fill="currentColor"
                      focusable="false"
                      height="1em"
                      viewBox="0 0 1024 1024"
                      width="1em"
                    >
                      <path
                        d="M988 548c-19.9 0-36-16.1-36-36 0-59.4-11.6-117-34.6-171.3a440.45 440.45 0 0 0-94.3-139.9 437.71 437.71 0 0 0-139.9-94.3C629 83.6 571.4 72 512 72c-19.9 0-36-16.1-36-36s16.1-36 36-36c69.1 0 136.2 13.5 199.3 40.3C772.3 66 827 103 874 150c47 47 83.9 101.8 109.7 162.7 26.7 63.1 40.2 130.2 40.2 199.3.1 19.9-16 36-35.9 36z"
                      />
                    </svg>
                  </i>
                </span>
              </div>
            </div>
          </div>
        </div>
        <div
          class="sc-EHOje jWoLok"
        >
          <button
            class="ant-btn ant-btn-primary ant-btn-lg"
            type="button"
          >
            <span>
              Show me how to upgrade!
            </span>
          </button>
        </div>
      </div>
    </div>
  </div>
</div>
`;
